| Artifact | Link |
|---|---|
| Spec | [2026-08-16-alpha-change-design.md](https://github.com/danielhanold/docket/blob/docket/docs/superpowers/specs/2026-08-16-alpha-change-design.md) |
| ADRs | [ADR-0001](https://github.com/danielhanold/docket/blob/docket/docs/adrs/0001-first-decision.md), [ADR-0002](https://github.com/danielhanold/docket/blob/docket/docs/adrs/0002-second-decision.md) |
